[{"title":"Test","description":"More test","author":"John"}]