{
  "bookId": 1,
  "title": "Effective Java",
  "description": "A comprehensive guide to programming in Java.",
  "isbn": "9780134685991",
  "authorName": "Joshua Bloch",
  "pageNumbers": 416,
  "publishedDate": "Jan 6, 2018",
  "genre": "Programming"
}